// Jest Snapshot v1, https://goo.gl/fbAQLP

exports[`AltinnAppHeader should match snapshot 1`] = `
<div
  class="AltinnAppHeader-appBarWrapper-1"
>
  <nav
    class="makeStyles-jumpNav-14"
  >
    <button
      class="makeStyles-button-13 makeStyles-srOnly-15"
      role="link"
    >
      navigation.to_main_content
    </button>
  </nav>
  <header
    class="MuiPaper-root MuiAppBar-root MuiAppBar-positionStatic MuiAppBar-colorPrimary AltinnAppHeader-default-4 MuiPaper-elevation4"
  >
    <div
      class="MuiToolbar-root MuiToolbar-regular container AltinnAppHeader-toolbarContainer-12 MuiToolbar-gutters"
    >
      <div
        class="MuiGrid-root AltinnAppHeader-logo-9 MuiGrid-item"
      >
        <img
          alt="Altinn logo"
          class="logo"
          id="logo"
          src="https://altinncdn.no/img/Altinn-logo-blue.svg"
        />
      </div>
      <ul
        class="AltinnAppHeader-headerLinkList-6"
      >
        <li
          class="AltinnAppHeader-headerLink-5"
        >
          <a
            href="/ui/Reportee/ChangeReporteeAndRedirect?goTo=/ui/messagebox&R=123456"
          >
            instantiate.inbox
          </a>
        </li>
        <li
          class="AltinnAppHeader-headerLink-5"
        >
          <a
            href="/skjemaoversikt"
          >
            instantiate.all_forms
          </a>
        </li>
        <li
          class="AltinnAppHeader-headerLink-5"
        >
          <a
            href="/ui/Reportee/ChangeReporteeAndRedirect?goTo=/ui/profile&R=123456"
          >
            instantiate.profile
          </a>
        </li>
      </ul>
      <div
        class="a-personSwitcher"
        title="OLA PRIVATPERSON"
      >
        <span
          class="a-personSwitcher-name"
          style="margin-bottom: 10px;"
        >
          <span
            class="d-block"
          />
        </span>
        <i
          aria-hidden="true"
          class="fa fa-private-circle-big AltinnAppHeader-partyIcon-11 AltinnAppHeader-blueDark-2"
        />
      </div>
    </div>
  </header>
</div>
`;
