// Jest Snapshot v1, https://goo.gl/fbAQLP

exports[`features > form > components >Label.tsx should render default 1`] = `
<DocumentFragment>
  <div
    class="MuiGrid-root MuiGrid-container MuiGrid-item MuiGrid-grid-xs-12"
  >
    <div
      class="MuiGrid-root MuiGrid-item"
    >
      <label
        class="a-form-label title-label"
        data-testid="label-label1"
        for="label1"
      >
        label.text
      </label>
    </div>
  </div>
</DocumentFragment>
`;
