// Jest Snapshot v1, https://goo.gl/fbAQLP

exports[`features > form > components >Legend.tsx form/components/Legend.tsx -- should render default 1`] = `
<DocumentFragment>
  <label
    class="a-form-label title-label"
    for="label1"
  >
    label.text
  </label>
</DocumentFragment>
`;
