// Jest Snapshot v1, https://goo.gl/fbAQLP

exports[`features > form > containers > RepeatingGroupTable.tsx should match snapshot 1`] = `
<DocumentFragment>
  <div
    class="MuiGrid-root MuiGrid-container MuiGrid-item"
    data-testid="group-mock-container-id"
    id="group-mock-container-id"
  >
    <div
      class="MuiGrid-root MuiTableContainer-root"
      id="group-mock-container-id-table-container"
    >
      <table
        class="MuiTable-root makeStyles-table-1"
        id="group-mock-container-id-table"
      >
        <thead
          class="MuiTableHead-root makeStyles-tableHeader-3"
          id="group-mock-container-id-table-header"
        >
          <tr
            class="MuiTableRow-root"
          >
            <td
              class="MuiTableCell-root MuiTableCell-alignLeft"
            >
              Title1
            </td>
            <td
              class="MuiTableCell-root MuiTableCell-alignLeft"
            >
              Title2
            </td>
            <td
              class="MuiTableCell-root MuiTableCell-alignLeft"
            >
              Title3
            </td>
            <td
              class="MuiTableCell-root MuiTableCell-alignLeft"
            >
              Title4
            </td>
            <td
              class="MuiTableCell-root"
            />
          </tr>
        </thead>
        <tbody
          class="MuiTableBody-root makeStyles-tableBody-4"
          id="group-mock-container-id-table-body"
        >
          <tr
            class="MuiTableRow-root"
          >
            <td
              class="MuiTableCell-root"
            />
            <td
              class="MuiTableCell-root"
            />
            <td
              class="MuiTableCell-root"
            />
            <td
              class="MuiTableCell-root"
            />
            <td
              class="MuiTableCell-root MuiTableCell-alignRight"
            >
              <button
                class="MuiButtonBase-root MuiIconButton-root makeStyles-tableEditButton-3"
                tabindex="0"
                type="button"
              >
                <span
                  class="MuiIconButton-label"
                >
                  <i
                    class="fa fa-edit makeStyles-editIcon-2"
                  />
                  general.edit_alt
                </span>
                <span
                  class="MuiTouchRipple-root"
                />
              </button>
            </td>
          </tr>
          <tr
            class="MuiTableRow-root"
          >
            <td
              class="MuiTableCell-root"
            />
            <td
              class="MuiTableCell-root"
            />
            <td
              class="MuiTableCell-root"
            />
            <td
              class="MuiTableCell-root"
            />
            <td
              class="MuiTableCell-root MuiTableCell-alignRight"
            >
              <button
                class="MuiButtonBase-root MuiIconButton-root makeStyles-tableEditButton-3"
                tabindex="0"
                type="button"
              >
                <span
                  class="MuiIconButton-label"
                >
                  <i
                    class="fa fa-edit makeStyles-editIcon-2"
                  />
                  general.edit_alt
                </span>
                <span
                  class="MuiTouchRipple-root"
                />
              </button>
            </td>
          </tr>
          <tr
            class="MuiTableRow-root"
          >
            <td
              class="MuiTableCell-root"
            />
            <td
              class="MuiTableCell-root"
            />
            <td
              class="MuiTableCell-root"
            />
            <td
              class="MuiTableCell-root"
            />
            <td
              class="MuiTableCell-root MuiTableCell-alignRight"
            >
              <button
                class="MuiButtonBase-root MuiIconButton-root makeStyles-tableEditButton-3"
                tabindex="0"
                type="button"
              >
                <span
                  class="MuiIconButton-label"
                >
                  <i
                    class="fa fa-edit makeStyles-editIcon-2"
                  />
                  general.edit_alt
                </span>
                <span
                  class="MuiTouchRipple-root"
                />
              </button>
            </td>
          </tr>
          <tr
            class="MuiTableRow-root"
          >
            <td
              class="MuiTableCell-root"
            />
            <td
              class="MuiTableCell-root"
            />
            <td
              class="MuiTableCell-root"
            />
            <td
              class="MuiTableCell-root"
            />
            <td
              class="MuiTableCell-root MuiTableCell-alignRight"
            >
              <button
                class="MuiButtonBase-root MuiIconButton-root makeStyles-tableEditButton-3"
                tabindex="0"
                type="button"
              >
                <span
                  class="MuiIconButton-label"
                >
                  <i
                    class="fa fa-edit makeStyles-editIcon-2"
                  />
                  general.edit_alt
                </span>
                <span
                  class="MuiTouchRipple-root"
                />
              </button>
            </td>
          </tr>
        </tbody>
      </table>
    </div>
  </div>
</DocumentFragment>
`;
