// Jest Snapshot v1, https://goo.gl/fbAQLP

exports[`MultipleChoiceSummary MultipleChoiceSummary 1`] = `
<DocumentFragment>
  <div
    style="display: none;"
  />
  <div
    class="col-xs-12 item"
    data-testid="multiple-choice-summary"
    style="display: block;"
  >
    <ul
      class="MuiList-root list MuiList-padding"
    >
      <li
        class="MuiListItem-root listItem MuiListItem-gutters"
      >
        <div
          class="MuiListItemText-root"
          id="some-key"
        >
          <span
            class="MuiTypography-root data MuiListItemText-primary MuiTypography-body1 MuiTypography-displayBlock"
          >
            This is a text
          </span>
        </div>
      </li>
      <li
        class="MuiListItem-root listItem MuiListItem-gutters"
      >
        <div
          class="MuiListItemText-root"
          id="some-other-key"
        >
          <span
            class="MuiTypography-root data MuiListItemText-primary MuiTypography-body1 MuiTypography-displayBlock"
          >
            This is another text
          </span>
        </div>
      </li>
    </ul>
  </div>
</DocumentFragment>
`;
