// Jest Snapshot v1, https://goo.gl/fbAQLP

exports[`ParagraphComponent should match snapshot 1`] = `
<div
  class="MuiGrid-root MuiGrid-container MuiGrid-align-items-xs-center"
>
  <div
    class="MuiGrid-root MuiGrid-item"
  >
    <p
      class="MuiTypography-root makeStyles-spacing-1 makeStyles-typography-2 MuiTypography-body1"
      id="mock-id"
    >
      Here goes a paragraph
    </p>
  </div>
</div>
`;
